// Jest Snapshot v1, https://goo.gl/fbAQLP

exports[`checkout() should return an object with the total and the list of items 1`] = `
Object {
  "itens": Array [
    Object {
      "product": Object {
        "price": 35588,
        "title": "CD do Mamonas Assasinas",
      },
      "quantity": 1,
    },
    Object {
      "product": Object {
        "price": 11111,
        "title": "CD do Ra√ßa Negra",
      },
      "quantity": 1,
    },
  ],
  "total": 46699,
}
`;
